Solution


TileMove{start=7, end=4}
TileMove{start=8, end=7}
