Branches for [0, 1, 2, 3, 8, 5, 6, 7, 4]


{Left = -1} to [0, 1, 2, 8, 3, 5, 6, 7, 4]
{Right = 1} to [0, 1, 2, 3, 5, 8, 6, 7, 4]
{Up = -3} to [0, 8, 2, 3, 1, 5, 6, 7, 4]
{Down = 3} to [0, 1, 2, 3, 7, 5, 6, 8, 4]
