Directions


{Left = -1}
{Right = 1}
{Up = -3}
{Down = 3}
