Branches for [0, 8, 2, 3, 4, 5, 6, 7, 1]


{Left = -1} to [8, 0, 2, 3, 4, 5, 6, 7, 1]
{Right = 1} to [0, 2, 8, 3, 4, 5, 6, 7, 1]
{Down = 3} to [0, 4, 2, 3, 8, 5, 6, 7, 1]
