Branches for [0, 1, 8, 3, 4, 5, 6, 7, 2]


{Left = -1} to [0, 8, 1, 3, 4, 5, 6, 7, 2]
{Down = 3} to [0, 1, 5, 3, 4, 8, 6, 7, 2]
