PuzzleBoard
Tile{35, 35}, Tile{162, 35}, Tile{289, 35}
Tile{35, 162}, Tile{162, 162}, Tile{289, 162}
Tile{35, 289}, Tile{289, 289}, null
