Branches for [0, 1, 2, 3, 4, 5, 6, 7, 8]


{Left = -1} to [0, 1, 2, 3, 4, 5, 6, 8, 7]
{Up = -3} to [0, 1, 2, 3, 4, 8, 6, 7, 5]
